ARM GAS  C:\Users\user\AppData\Local\Temp\ccfJ4gdk.s 			page 1


   1              		.cpu cortex-m4
   2              		.arch armv7e-m
   3              		.fpu fpv4-sp-d16
   4              		.eabi_attribute 27, 1
   5              		.eabi_attribute 28, 1
   6              		.eabi_attribute 20, 1
   7              		.eabi_attribute 21, 1
   8              		.eabi_attribute 23, 3
   9              		.eabi_attribute 24, 1
  10              		.eabi_attribute 25, 1
  11              		.eabi_attribute 26, 1
  12              		.eabi_attribute 30, 1
  13              		.eabi_attribute 34, 1
  14              		.eabi_attribute 18, 4
  15              		.file	"Interrupt.c"
  16              		.text
  17              	.Ltext0:
  18              		.cfi_sections	.debug_frame
  19              		.file 1 "Core/Src/Interrupt.c"
  20              		.section	.text.EXTI15_10_IRQHandler,"ax",%progbits
  21              		.align	1
  22              		.global	EXTI15_10_IRQHandler
  23              		.syntax unified
  24              		.thumb
  25              		.thumb_func
  27              	EXTI15_10_IRQHandler:
  28              	.LFB130:
   1:Core/Src/Interrupt.c **** #include "Interrupt.h"
   2:Core/Src/Interrupt.c **** 
   3:Core/Src/Interrupt.c **** void EXTI15_10_IRQHandler()
   4:Core/Src/Interrupt.c **** {
  29              		.loc 1 4 1 view -0
  30              		.cfi_startproc
  31              		@ args = 0, pretend = 0, frame = 0
  32              		@ frame_needed = 0, uses_anonymous_args = 0
  33              		@ link register save eliminated.
   5:Core/Src/Interrupt.c ****     // Мы должны обязательно отключать pending бит после тог
   6:Core/Src/Interrupt.c ****     // 1 чтобы сбросит в 0
   7:Core/Src/Interrupt.c ****     SET_BIT(EXTI->PR, EXTI_PR_PR13);
  34              		.loc 1 7 5 view .LVU1
  35 0000 024A     		ldr	r2, .L2
  36 0002 5369     		ldr	r3, [r2, #20]
  37 0004 43F40053 		orr	r3, r3, #8192
  38 0008 5361     		str	r3, [r2, #20]
   8:Core/Src/Interrupt.c **** 
   9:Core/Src/Interrupt.c **** 
  10:Core/Src/Interrupt.c **** }...
  39              		.loc 1 10 1 is_stmt 0 view .LVU2
  40 000a 7047     		bx	lr
  41              	.L3:
  42              		.align	2
  43              	.L2:
  44 000c 003C0140 		.word	1073822720
  45              		.cfi_endproc
  46              	.LFE130:
  48              		.text
  49              	.Letext0:
ARM GAS  C:\Users\user\AppData\Local\Temp\ccfJ4gdk.s 			page 2


  50              		.file 2 "C:/Users/user/Desktop/Tools/xpack-arm-none-eabi-gcc-13.2.1-1.1/arm-none-eabi/include/mach
  51              		.file 3 "C:/Users/user/Desktop/Tools/xpack-arm-none-eabi-gcc-13.2.1-1.1/arm-none-eabi/include/sys/
  52              		.file 4 "Core/Inc/../../CMSIS/Devices/STM32F4xx/Inc/STM32F429ZI/stm32f429xx.h"
ARM GAS  C:\Users\user\AppData\Local\Temp\ccfJ4gdk.s 			page 3


DEFINED SYMBOLS
                            *ABS*:00000000 Interrupt.c
C:\Users\user\AppData\Local\Temp\ccfJ4gdk.s:21     .text.EXTI15_10_IRQHandler:00000000 $t
C:\Users\user\AppData\Local\Temp\ccfJ4gdk.s:27     .text.EXTI15_10_IRQHandler:00000000 EXTI15_10_IRQHandler
C:\Users\user\AppData\Local\Temp\ccfJ4gdk.s:44     .text.EXTI15_10_IRQHandler:0000000c $d

NO UNDEFINED SYMBOLS
